// Jest Snapshot v1, https://goo.gl/fbAQLP

exports[`PageFooter snapshot: PageFooter 1`] = `
<div
  class="page-footer"
/>
`;
