// Jest Snapshot v1, https://goo.gl/fbAQLP

exports[`App snapshot: App 1`] = `
<div
  id="app"
>
  <!---->
   
  <!---->
   
  <!---->
</div>
`;
